Archive member included to satisfy reference by file (symbol)

/Applications/STM32CubeIDE.app/Contents/Eclipse/plugins/com.st.stm32cube.ide.mcu.externaltools.gnu-tools-for-stm32.9-2020-q2-update.macos64_2.0.0.202105311346/tools/bin/../lib/gcc/arm-none-eabi/9.3.1/../../../../arm-none-eabi/lib/thumb/v7e-m+fp/hard/libc_nano.a(lib_a-errno.o)
                              ./Core/Src/syscalls.o (__errno)
/Applications/STM32CubeIDE.app/Contents/Eclipse/plugins/com.st.stm32cube.ide.mcu.externaltools.gnu-tools-for-stm32.9-2020-q2-update.macos64_2.0.0.202105311346/tools/bin/../lib/gcc/arm-none-eabi/9.3.1/../../../../arm-none-eabi/lib/thumb/v7e-m+fp/hard/libc_nano.a(lib_a-exit.o)
                              /Applications/STM32CubeIDE.app/Contents/Eclipse/plugins/com.st.stm32cube.ide.mcu.externaltools.gnu-tools-for-stm32.9-2020-q2-update.macos64_2.0.0.202105311346/tools/bin/../lib/gcc/arm-none-eabi/9.3.1/../../../../arm-none-eabi/lib/thumb/v7e-m+fp/hard/crt0.o (exit)
/Applications/STM32CubeIDE.app/Contents/Eclipse/plugins/com.st.stm32cube.ide.mcu.externaltools.gnu-tools-for-stm32.9-2020-q2-update.macos64_2.0.0.202105311346/tools/bin/../lib/gcc/arm-none-eabi/9.3.1/../../../../arm-none-eabi/lib/thumb/v7e-m+fp/hard/libc_nano.a(lib_a-impure.o)
                              /Applications/STM32CubeIDE.app/Contents/Eclipse/plugins/com.st.stm32cube.ide.mcu.externaltools.gnu-tools-for-stm32.9-2020-q2-update.macos64_2.0.0.202105311346/tools/bin/../lib/gcc/arm-none-eabi/9.3.1/../../../../arm-none-eabi/lib/thumb/v7e-m+fp/hard/libc_nano.a(lib_a-exit.o) (_global_impure_ptr)
/Applications/STM32CubeIDE.app/Contents/Eclipse/plugins/com.st.stm32cube.ide.mcu.externaltools.gnu-tools-for-stm32.9-2020-q2-update.macos64_2.0.0.202105311346/tools/bin/../lib/gcc/arm-none-eabi/9.3.1/../../../../arm-none-eabi/lib/thumb/v7e-m+fp/hard/libc_nano.a(lib_a-init.o)
                              /Applications/STM32CubeIDE.app/Contents/Eclipse/plugins/com.st.stm32cube.ide.mcu.externaltools.gnu-tools-for-stm32.9-2020-q2-update.macos64_2.0.0.202105311346/tools/bin/../lib/gcc/arm-none-eabi/9.3.1/../../../../arm-none-eabi/lib/thumb/v7e-m+fp/hard/crt0.o (__libc_init_array)
/Applications/STM32CubeIDE.app/Contents/Eclipse/plugins/com.st.stm32cube.ide.mcu.externaltools.gnu-tools-for-stm32.9-2020-q2-update.macos64_2.0.0.202105311346/tools/bin/../lib/gcc/arm-none-eabi/9.3.1/../../../../arm-none-eabi/lib/thumb/v7e-m+fp/hard/libc_nano.a(lib_a-memset.o)
                              /Applications/STM32CubeIDE.app/Contents/Eclipse/plugins/com.st.stm32cube.ide.mcu.externaltools.gnu-tools-for-stm32.9-2020-q2-update.macos64_2.0.0.202105311346/tools/bin/../lib/gcc/arm-none-eabi/9.3.1/../../../../arm-none-eabi/lib/thumb/v7e-m+fp/hard/crt0.o (memset)

Allocating common symbols
Common symbol       size              file

uwTick              0x4               ./Drivers/STM32G4xx_HAL_Driver/Src/stm32g4xx_hal.o

Discarded input sections

 .text          0x0000000000000000        0x0 /Applications/STM32CubeIDE.app/Contents/Eclipse/plugins/com.st.stm32cube.ide.mcu.externaltools.gnu-tools-for-stm32.9-2020-q2-update.macos64_2.0.0.202105311346/tools/bin/../lib/gcc/arm-none-eabi/9.3.1/thumb/v7e-m+fp/hard/crti.o
 .data          0x0000000000000000        0x0 /Applications/STM32CubeIDE.app/Contents/Eclipse/plugins/com.st.stm32cube.ide.mcu.externaltools.gnu-tools-for-stm32.9-2020-q2-update.macos64_2.0.0.202105311346/tools/bin/../lib/gcc/arm-none-eabi/9.3.1/thumb/v7e-m+fp/hard/crti.o
 .bss           0x0000000000000000        0x0 /Applications/STM32CubeIDE.app/Contents/Eclipse/plugins/com.st.stm32cube.ide.mcu.externaltools.gnu-tools-for-stm32.9-2020-q2-update.macos64_2.0.0.202105311346/tools/bin/../lib/gcc/arm-none-eabi/9.3.1/thumb/v7e-m+fp/hard/crti.o
 .data          0x0000000000000000        0x4 /Applications/STM32CubeIDE.app/Contents/Eclipse/plugins/com.st.stm32cube.ide.mcu.externaltools.gnu-tools-for-stm32.9-2020-q2-update.macos64_2.0.0.202105311346/tools/bin/../lib/gcc/arm-none-eabi/9.3.1/thumb/v7e-m+fp/hard/crtbegin.o
 .text          0x0000000000000000       0x7c /Applications/STM32CubeIDE.app/Contents/Eclipse/plugins/com.st.stm32cube.ide.mcu.externaltools.gnu-tools-for-stm32.9-2020-q2-update.macos64_2.0.0.202105311346/tools/bin/../lib/gcc/arm-none-eabi/9.3.1/../../../../arm-none-eabi/lib/thumb/v7e-m+fp/hard/crt0.o
 .data          0x0000000000000000        0x0 /Applications/STM32CubeIDE.app/Contents/Eclipse/plugins/com.st.stm32cube.ide.mcu.externaltools.gnu-tools-for-stm32.9-2020-q2-update.macos64_2.0.0.202105311346/tools/bin/../lib/gcc/arm-none-eabi/9.3.1/../../../../arm-none-eabi/lib/thumb/v7e-m+fp/hard/crt0.o
 .bss           0x0000000000000000        0x0 /Applications/STM32CubeIDE.app/Contents/Eclipse/plugins/com.st.stm32cube.ide.mcu.externaltools.gnu-tools-for-stm32.9-2020-q2-update.macos64_2.0.0.202105311346/tools/bin/../lib/gcc/arm-none-eabi/9.3.1/../../../../arm-none-eabi/lib/thumb/v7e-m+fp/hard/crt0.o
[...]
Memory Configuration

Name             Origin             Length             Attributes
RAM              0x0000000020000000 0x0000000000020000 xrw
FLASH            0x0000000008000000 0x0000000000080000 xr
*default*        0x0000000000000000 0xffffffffffffffff

Linker script and memory map

LOAD /Applications/STM32CubeIDE.app/Contents/Eclipse/plugins/com.st.stm32cube.ide.mcu.externaltools.gnu-tools-for-stm32.9-2020-q2-update.macos64_2.0.0.202105311346/tools/bin/../lib/gcc/arm-none-eabi/9.3.1/thumb/v7e-m+fp/hard/crti.o
LOAD /Applications/STM32CubeIDE.app/Contents/Eclipse/plugins/com.st.stm32cube.ide.mcu.externaltools.gnu-tools-for-stm32.9-2020-q2-update.macos64_2.0.0.202105311346/tools/bin/../lib/gcc/arm-none-eabi/9.3.1/thumb/v7e-m+fp/hard/crtbegin.o
LOAD /Applications/STM32CubeIDE.app/Contents/Eclipse/plugins/com.st.stm32cube.ide.mcu.externaltools.gnu-tools-for-stm32.9-2020-q2-update.macos64_2.0.0.202105311346/tools/bin/../lib/gcc/arm-none-eabi/9.3.1/../../../../arm-none-eabi/lib/thumb/v7e-m+fp/hard/crt0.o
LOAD ./Core/Src/main.o
LOAD ./Core/Src/stm32g4xx_hal_msp.o
LOAD ./Core/Src/stm32g4xx_it.o
LOAD ./Core/Src/syscalls.o
LOAD ./Core/Src/sysmem.o
LOAD ./Core/Src/system_stm32g4xx.o
LOAD ./Core/Startup/startup_stm32g484qetx.o
LOAD ./Drivers/STM32G4xx_HAL_Driver/Src/stm32g4xx_hal.o
LOAD ./Drivers/STM32G4xx_HAL_Driver/Src/stm32g4xx_hal_cortex.o
LOAD ./Drivers/STM32G4xx_HAL_Driver/Src/stm32g4xx_hal_dma.o
LOAD ./Drivers/STM32G4xx_HAL_Driver/Src/stm32g4xx_hal_dma_ex.o
LOAD ./Drivers/STM32G4xx_HAL_Driver/Src/stm32g4xx_hal_exti.o
LOAD ./Drivers/STM32G4xx_HAL_Driver/Src/stm32g4xx_hal_flash.o
LOAD ./Drivers/STM32G4xx_HAL_Driver/Src/stm32g4xx_hal_flash_ex.o
LOAD ./Drivers/STM32G4xx_HAL_Driver/Src/stm32g4xx_hal_flash_ramfunc.o
LOAD ./Drivers/STM32G4xx_HAL_Driver/Src/stm32g4xx_hal_gpio.o
LOAD ./Drivers/STM32G4xx_HAL_Driver/Src/stm32g4xx_hal_i2c.o
LOAD ./Drivers/STM32G4xx_HAL_Driver/Src/stm32g4xx_hal_i2c_ex.o
LOAD ./Drivers/STM32G4xx_HAL_Driver/Src/stm32g4xx_hal_pwr.o
LOAD ./Drivers/STM32G4xx_HAL_Driver/Src/stm32g4xx_hal_pwr_ex.o
LOAD ./Drivers/STM32G4xx_HAL_Driver/Src/stm32g4xx_hal_rcc.o
LOAD ./Drivers/STM32G4xx_HAL_Driver/Src/stm32g4xx_hal_rcc_ex.o
LOAD ./Drivers/STM32G4xx_HAL_Driver/Src/stm32g4xx_hal_tim.o
LOAD ./Drivers/STM32G4xx_HAL_Driver/Src/stm32g4xx_hal_tim_ex.o
START GROUP
LOAD /Applications/STM32CubeIDE.app/Contents/Eclipse/plugins/com.st.stm32cube.ide.mcu.externaltools.gnu-tools-for-stm32.9-2020-q2-update.macos64_2.0.0.202105311346/tools/bin/../lib/gcc/arm-none-eabi/9.3.1/../../../../arm-none-eabi/lib/thumb/v7e-m+fp/hard/libstdc++_nano.a
LOAD /Applications/STM32CubeIDE.app/Contents/Eclipse/plugins/com.st.stm32cube.ide.mcu.externaltools.gnu-tools-for-stm32.9-2020-q2-update.macos64_2.0.0.202105311346/tools/bin/../lib/gcc/arm-none-eabi/9.3.1/../../../../arm-none-eabi/lib/thumb/v7e-m+fp/hard/libsupc++_nano.a
END GROUP
LOAD /Applications/STM32CubeIDE.app/Contents/Eclipse/plugins/com.st.stm32cube.ide.mcu.externaltools.gnu-tools-for-stm32.9-2020-q2-update.macos64_2.0.0.202105311346/tools/bin/../lib/gcc/arm-none-eabi/9.3.1/../../../../arm-none-eabi/lib/thumb/v7e-m+fp/hard/libstdc++_nano.a
LOAD /Applications/STM32CubeIDE.app/Contents/Eclipse/plugins/com.st.stm32cube.ide.mcu.externaltools.gnu-tools-for-stm32.9-2020-q2-update.macos64_2.0.0.202105311346/tools/bin/../lib/gcc/arm-none-eabi/9.3.1/../../../../arm-none-eabi/lib/thumb/v7e-m+fp/hard/libm.a
LOAD /Applications/STM32CubeIDE.app/Contents/Eclipse/plugins/com.st.stm32cube.ide.mcu.externaltools.gnu-tools-for-stm32.9-2020-q2-update.macos64_2.0.0.202105311346/tools/bin/../lib/gcc/arm-none-eabi/9.3.1/../../../../arm-none-eabi/lib/thumb/v7e-m+fp/hard/libc_nano.a
START GROUP
LOAD /Applications/STM32CubeIDE.app/Contents/Eclipse/plugins/com.st.stm32cube.ide.mcu.externaltools.gnu-tools-for-stm32.9-2020-q2-update.macos64_2.0.0.202105311346/tools/bin/../lib/gcc/arm-none-eabi/9.3.1/thumb/v7e-m+fp/hard/libgcc.a
LOAD /Applications/STM32CubeIDE.app/Contents/Eclipse/plugins/com.st.stm32cube.ide.mcu.externaltools.gnu-tools-for-stm32.9-2020-q2-update.macos64_2.0.0.202105311346/tools/bin/../lib/gcc/arm-none-eabi/9.3.1/../../../../arm-none-eabi/lib/thumb/v7e-m+fp/hard/libc_nano.a
END GROUP
START GROUP
LOAD /Applications/STM32CubeIDE.app/Contents/Eclipse/plugins/com.st.stm32cube.ide.mcu.externaltools.gnu-tools-for-stm32.9-2020-q2-update.macos64_2.0.0.202105311346/tools/bin/../lib/gcc/arm-none-eabi/9.3.1/thumb/v7e-m+fp/hard/libgcc.a
LOAD /Applications/STM32CubeIDE.app/Contents/Eclipse/plugins/com.st.stm32cube.ide.mcu.externaltools.gnu-tools-for-stm32.9-2020-q2-update.macos64_2.0.0.202105311346/tools/bin/../lib/gcc/arm-none-eabi/9.3.1/../../../../arm-none-eabi/lib/thumb/v7e-m+fp/hard/libc_nano.a
LOAD /Applications/STM32CubeIDE.app/Contents/Eclipse/plugins/com.st.stm32cube.ide.mcu.externaltools.gnu-tools-for-stm32.9-2020-q2-update.macos64_2.0.0.202105311346/tools/bin/../lib/gcc/arm-none-eabi/9.3.1/../../../../arm-none-eabi/lib/thumb/v7e-m+fp/hard/libnosys.a
END GROUP
START GROUP
LOAD /Applications/STM32CubeIDE.app/Contents/Eclipse/plugins/com.st.stm32cube.ide.mcu.externaltools.gnu-tools-for-stm32.9-2020-q2-update.macos64_2.0.0.202105311346/tools/bin/../lib/gcc/arm-none-eabi/9.3.1/thumb/v7e-m+fp/hard/libgcc.a
LOAD /Applications/STM32CubeIDE.app/Contents/Eclipse/plugins/com.st.stm32cube.ide.mcu.externaltools.gnu-tools-for-stm32.9-2020-q2-update.macos64_2.0.0.202105311346/tools/bin/../lib/gcc/arm-none-eabi/9.3.1/../../../../arm-none-eabi/lib/thumb/v7e-m+fp/hard/libc_nano.a
LOAD /Applications/STM32CubeIDE.app/Contents/Eclipse/plugins/com.st.stm32cube.ide.mcu.externaltools.gnu-tools-for-stm32.9-2020-q2-update.macos64_2.0.0.202105311346/tools/bin/../lib/gcc/arm-none-eabi/9.3.1/../../../../arm-none-eabi/lib/thumb/v7e-m+fp/hard/libnosys.a
END GROUP
LOAD /Applications/STM32CubeIDE.app/Contents/Eclipse/plugins/com.st.stm32cube.ide.mcu.externaltools.gnu-tools-for-stm32.9-2020-q2-update.macos64_2.0.0.202105311346/tools/bin/../lib/gcc/arm-none-eabi/9.3.1/thumb/v7e-m+fp/hard/crtend.o
LOAD /Applications/STM32CubeIDE.app/Contents/Eclipse/plugins/com.st.stm32cube.ide.mcu.externaltools.gnu-tools-for-stm32.9-2020-q2-update.macos64_2.0.0.202105311346/tools/bin/../lib/gcc/arm-none-eabi/9.3.1/thumb/v7e-m+fp/hard/crtn.o
                0x0000000020020000                _estack = (ORIGIN (RAM) + LENGTH (RAM))
                0x0000000000000200                _Min_Heap_Size = 0x200
                0x0000000000000400                _Min_Stack_Size = 0x400

.isr_vector     0x0000000008000000      0x1d8
                0x0000000008000000                . = ALIGN (0x4)
 *(.isr_vector)
 .isr_vector    0x0000000008000000      0x1d8 ./Core/Startup/startup_stm32g484qetx.o
                0x0000000008000000                g_pfnVectors
                0x00000000080001d8                . = ALIGN (0x4)

.text           0x00000000080001d8     0x1bf0
                0x00000000080001d8                . = ALIGN (0x4)
 *(.text)
 .text          0x00000000080001d8       0x40 /Applications/STM32CubeIDE.app/Contents/Eclipse/plugins/com.st.stm32cube.ide.mcu.externaltools.gnu-tools-for-stm32.9-2020-q2-update.macos64_2.0.0.202105311346/tools/bin/../lib/gcc/arm-none-eabi/9.3.1/thumb/v7e-m+fp/hard/crtbegin.o
 *(.text*)
 .text.main     0x0000000008000218       0x16 ./Core/Src/main.o
                0x0000000008000218                main
 .text._Z18SystemClock_Configv
                0x000000000800022e       0xc6 ./Core/Src/main.o
                0x000000000800022e                SystemClock_Config()
 .text._ZL12MX_I2C2_Initv
                0x00000000080002f4       0x9c ./Core/Src/main.o
 .text._ZL12MX_GPIO_Initv
                0x0000000008000390       0x30 ./Core/Src/main.o
 .text.Error_Handler
                0x00000000080003c0        0xa ./Core/Src/main.o
                0x00000000080003c0                Error_Handler
 *fill*         0x00000000080003ca        0x2 
 .text.HAL_MspInit
                0x00000000080003cc       0x48 ./Core/Src/stm32g4xx_hal_msp.o
                0x00000000080003cc                HAL_MspInit
 .text.HAL_I2C_MspInit
                0x0000000008000414       0x88 ./Core/Src/stm32g4xx_hal_msp.o
                0x0000000008000414                HAL_I2C_MspInit
 .text.NMI_Handler
                0x000000000800049c        0x6 ./Core/Src/stm32g4xx_it.o
                0x000000000800049c                NMI_Handler
 .text.HardFault_Handler
                0x00000000080004a2        0x6 ./Core/Src/stm32g4xx_it.o
                0x00000000080004a2                HardFault_Handler
 .text.MemManage_Handler
                0x00000000080004a8        0x6 ./Core/Src/stm32g4xx_it.o
                0x00000000080004a8                MemManage_Handler
 .text.BusFault_Handler
                0x00000000080004ae        0x6 ./Core/Src/stm32g4xx_it.o
                0x00000000080004ae                BusFault_Handler
 .text.UsageFault_Handler
                0x00000000080004b4        0x6 ./Core/Src/stm32g4xx_it.o
                0x00000000080004b4                UsageFault_Handler
 .text.SVC_Handler
                0x00000000080004ba        0xe ./Core/Src/stm32g4xx_it.o
                0x00000000080004ba                SVC_Handler
 .text.DebugMon_Handler
                0x00000000080004c8        0xe ./Core/Src/stm32g4xx_it.o
                0x00000000080004c8                DebugMon_Handler
 .text.PendSV_Handler
                0x00000000080004d6        0xe ./Core/Src/stm32g4xx_it.o
                0x00000000080004d6                PendSV_Handler
 .text.SysTick_Handler
                0x00000000080004e4        0xc ./Core/Src/stm32g4xx_it.o
                0x00000000080004e4                SysTick_Handler
 .text.SystemInit
                0x00000000080004f0       0x24 ./Core/Src/system_stm32g4xx.o
                0x00000000080004f0                SystemInit
 .text.Reset_Handler
                0x0000000008000514       0x50 ./Core/Startup/startup_stm32g484qetx.o
                0x0000000008000514                Reset_Handler
 .text.Default_Handler
                0x0000000008000564        0x2 ./Core/Startup/startup_stm32g484qetx.o
                0x0000000008000564                TIM1_BRK_TIM15_IRQHandler
                0x0000000008000564                EXTI2_IRQHandler
                0x0000000008000564                TIM8_TRG_COM_IRQHandler
                0x0000000008000564                TIM8_CC_IRQHandler
                0x0000000008000564                HRTIM1_Master_IRQHandler
                0x0000000008000564                SPI4_IRQHandler
                0x0000000008000564                FDCAN3_IT0_IRQHandler
                0x0000000008000564                TIM1_CC_IRQHandler
                0x0000000008000564                HRTIM1_FLT_IRQHandler
                0x0000000008000564                HRTIM1_TIMF_IRQHandler
                0x0000000008000564                USB_HP_IRQHandler
                0x0000000008000564                CORDIC_IRQHandler
                0x0000000008000564                HRTIM1_TIMD_IRQHandler
                0x0000000008000564                DMA2_Channel8_IRQHandler
                0x0000000008000564                EXTI3_IRQHandler
                0x0000000008000564                I2C3_ER_IRQHandler
                0x0000000008000564                EXTI0_IRQHandler
                0x0000000008000564                I2C2_EV_IRQHandler
                0x0000000008000564                FPU_IRQHandler
                0x0000000008000564                FDCAN1_IT1_IRQHandler
                0x0000000008000564                TIM1_UP_TIM16_IRQHandler
                0x0000000008000564                ADC1_2_IRQHandler
                0x0000000008000564                HRTIM1_TIME_IRQHandler
                0x0000000008000564                SPI1_IRQHandler
                0x0000000008000564                TIM6_DAC_IRQHandler
                0x0000000008000564                HRTIM1_TIMC_IRQHandler
                0x0000000008000564                TIM8_UP_IRQHandler
                0x0000000008000564                DMA2_Channel2_IRQHandler
                0x0000000008000564                DMA1_Channel4_IRQHandler
                0x0000000008000564                TIM20_TRG_COM_IRQHandler
                0x0000000008000564                USART3_IRQHandler
                0x0000000008000564                DMA1_Channel7_IRQHandler
                0x0000000008000564                UART5_IRQHandler
                0x0000000008000564                ADC3_IRQHandler
                0x0000000008000564                TIM4_IRQHandler
                0x0000000008000564                DMA2_Channel1_IRQHandler
                0x0000000008000564                QUADSPI_IRQHandler
                0x0000000008000564                I2C1_EV_IRQHandler
                0x0000000008000564                DMA1_Channel6_IRQHandler
                0x0000000008000564                UART4_IRQHandler
                0x0000000008000564                DMA2_Channel4_IRQHandler
                0x0000000008000564                TIM3_IRQHandler
                0x0000000008000564                RCC_IRQHandler
                0x0000000008000564                TIM20_UP_IRQHandler
                0x0000000008000564                DMA1_Channel1_IRQHandler
                0x0000000008000564                Default_Handler
                0x0000000008000564                DMA2_Channel7_IRQHandler
                0x0000000008000564                RTC_TAMP_LSECSS_IRQHandler
                0x0000000008000564                FMAC_IRQHandler
                0x0000000008000564                EXTI15_10_IRQHandler
                0x0000000008000564                DMA1_Channel8_IRQHandler
                0x0000000008000564                HRTIM1_TIMA_IRQHandler
                0x0000000008000564                TIM7_DAC_IRQHandler
                0x0000000008000564                FDCAN3_IT1_IRQHandler
                0x0000000008000564                TIM5_IRQHandler
                0x0000000008000564                UCPD1_IRQHandler
                0x0000000008000564                I2C3_EV_IRQHandler
                0x0000000008000564                EXTI9_5_IRQHandler
                0x0000000008000564                RTC_WKUP_IRQHandler
                0x0000000008000564                PVD_PVM_IRQHandler
                0x0000000008000564                SPI2_IRQHandler
                0x0000000008000564                ADC5_IRQHandler
                0x0000000008000564                DMA2_Channel5_IRQHandler
                0x0000000008000564                CRS_IRQHandler
                0x0000000008000564                DMA1_Channel5_IRQHandler
                0x0000000008000564                USB_LP_IRQHandler
                0x0000000008000564                EXTI4_IRQHandler
                0x0000000008000564                RNG_IRQHandler
                0x0000000008000564                HRTIM1_TIMB_IRQHandler
                0x0000000008000564                TIM1_TRG_COM_TIM17_IRQHandler
                0x0000000008000564                FDCAN2_IT1_IRQHandler
                0x0000000008000564                DMA1_Channel3_IRQHandler
                0x0000000008000564                ADC4_IRQHandler
                0x0000000008000564                WWDG_IRQHandler
                0x0000000008000564                I2C4_EV_IRQHandler
                0x0000000008000564                FDCAN2_IT0_IRQHandler
                0x0000000008000564                LPUART1_IRQHandler
                0x0000000008000564                DMA2_Channel6_IRQHandler
                0x0000000008000564                FDCAN1_IT0_IRQHandler
                0x0000000008000564                TIM2_IRQHandler
                0x0000000008000564                COMP7_IRQHandler
                0x0000000008000564                COMP1_2_3_IRQHandler
                0x0000000008000564                EXTI1_IRQHandler
                0x0000000008000564                AES_IRQHandler
                0x0000000008000564                USART2_IRQHandler
                0x0000000008000564                COMP4_5_6_IRQHandler
                0x0000000008000564                TIM20_BRK_IRQHandler
                0x0000000008000564                I2C2_ER_IRQHandler
                0x0000000008000564                DMA1_Channel2_IRQHandler
                0x0000000008000564                TIM8_BRK_IRQHandler
                0x0000000008000564                FLASH_IRQHandler
                0x0000000008000564                TIM20_CC_IRQHandler
                0x0000000008000564                USART1_IRQHandler
                0x0000000008000564                SPI3_IRQHandler
                0x0000000008000564                I2C1_ER_IRQHandler
                0x0000000008000564                FMC_IRQHandler
                0x0000000008000564                LPTIM1_IRQHandler
                0x0000000008000564                DMAMUX_OVR_IRQHandler
                0x0000000008000564                I2C4_ER_IRQHandler
                0x0000000008000564                USBWakeUp_IRQHandler
                0x0000000008000564                SAI1_IRQHandler
                0x0000000008000564                DMA2_Channel3_IRQHandler
                0x0000000008000564                RTC_Alarm_IRQHandler
 .text.HAL_Init
                0x0000000008000566       0x30 ./Drivers/STM32G4xx_HAL_Driver/Src/stm32g4xx_hal.o
                0x0000000008000566                HAL_Init
 *fill*         0x0000000008000596        0x2 
 .text.HAL_InitTick
                0x0000000008000598       0x74 ./Drivers/STM32G4xx_HAL_Driver/Src/stm32g4xx_hal.o
                0x0000000008000598                HAL_InitTick
 .text.HAL_IncTick
                0x000000000800060c       0x24 ./Drivers/STM32G4xx_HAL_Driver/Src/stm32g4xx_hal.o
                0x000000000800060c                HAL_IncTick
 .text.HAL_GetTick
                0x0000000008000630       0x18 ./Drivers/STM32G4xx_HAL_Driver/Src/stm32g4xx_hal.o
                0x0000000008000630                HAL_GetTick
 .text.__NVIC_SetPriorityGrouping
                0x0000000008000648       0x48 ./Drivers/STM32G4xx_HAL_Driver/Src/stm32g4xx_hal_cortex.o
 .text.__NVIC_GetPriorityGrouping
                0x0000000008000690       0x1c ./Drivers/STM32G4xx_HAL_Driver/Src/stm32g4xx_hal_cortex.o
 .text.__NVIC_SetPriority
                0x00000000080006ac       0x54 ./Drivers/STM32G4xx_HAL_Driver/Src/stm32g4xx_hal_cortex.o
 .text.NVIC_EncodePriority
                0x0000000008000700       0x66 ./Drivers/STM32G4xx_HAL_Driver/Src/stm32g4xx_hal_cortex.o
 *fill*         0x0000000008000766        0x2 
 .text.SysTick_Config
                0x0000000008000768       0x44 ./Drivers/STM32G4xx_HAL_Driver/Src/stm32g4xx_hal_cortex.o
 .text.HAL_NVIC_SetPriorityGrouping
                0x00000000080007ac       0x16 ./Drivers/STM32G4xx_HAL_Driver/Src/stm32g4xx_hal_cortex.o
                0x00000000080007ac                HAL_NVIC_SetPriorityGrouping
 .text.HAL_NVIC_SetPriority
                0x00000000080007c2       0x34 ./Drivers/STM32G4xx_HAL_Driver/Src/stm32g4xx_hal_cortex.o
                0x00000000080007c2                HAL_NVIC_SetPriority
 .text.HAL_SYSTICK_Config
                0x00000000080007f6       0x18 ./Drivers/STM32G4xx_HAL_Driver/Src/stm32g4xx_hal_cortex.o
                0x00000000080007f6                HAL_SYSTICK_Config
 *fill*         0x000000000800080e        0x2 
 .text.HAL_GPIO_Init
                0x0000000008000810      0x304 ./Drivers/STM32G4xx_HAL_Driver/Src/stm32g4xx_hal_gpio.o
                0x0000000008000810                HAL_GPIO_Init
 .text.HAL_I2C_Init
                0x0000000008000b14      0x11e ./Drivers/STM32G4xx_HAL_Driver/Src/stm32g4xx_hal_i2c.o
                0x0000000008000b14                HAL_I2C_Init
 .text.HAL_I2CEx_ConfigAnalogFilter
                0x0000000008000c32       0x96 ./Drivers/STM32G4xx_HAL_Driver/Src/stm32g4xx_hal_i2c_ex.o
                0x0000000008000c32                HAL_I2CEx_ConfigAnalogFilter
 .text.HAL_I2CEx_ConfigDigitalFilter
                0x0000000008000cc8       0x98 ./Drivers/STM32G4xx_HAL_Driver/Src/stm32g4xx_hal_i2c_ex.o
                0x0000000008000cc8                HAL_I2CEx_ConfigDigitalFilter
 .text.HAL_PWREx_ControlVoltageScaling
                0x0000000008000d60      0x148 ./Drivers/STM32G4xx_HAL_Driver/Src/stm32g4xx_hal_pwr_ex.o
                0x0000000008000d60                HAL_PWREx_ControlVoltageScaling
 .text.HAL_PWREx_DisableUCPDDeadBattery
                0x0000000008000ea8       0x20 ./Drivers/STM32G4xx_HAL_Driver/Src/stm32g4xx_hal_pwr_ex.o
                0x0000000008000ea8                HAL_PWREx_DisableUCPDDeadBattery
 .text.HAL_RCC_OscConfig
                0x0000000008000ec8      0x630 ./Drivers/STM32G4xx_HAL_Driver/Src/stm32g4xx_hal_rcc.o
                0x0000000008000ec8                HAL_RCC_OscConfig
 .text.HAL_RCC_ClockConfig
                0x00000000080014f8      0x278 ./Drivers/STM32G4xx_HAL_Driver/Src/stm32g4xx_hal_rcc.o
                0x00000000080014f8                HAL_RCC_ClockConfig
 .text.HAL_RCC_GetSysClockFreq
                0x0000000008001770       0xc4 ./Drivers/STM32G4xx_HAL_Driver/Src/stm32g4xx_hal_rcc.o
                0x0000000008001770                HAL_RCC_GetSysClockFreq
 .text.RCC_GetSysClockFreqFromPLLSource
                0x0000000008001834       0x8c ./Drivers/STM32G4xx_HAL_Driver/Src/stm32g4xx_hal_rcc.o
 .text.HAL_RCCEx_PeriphCLKConfig
                0x00000000080018c0      0x498 ./Drivers/STM32G4xx_HAL_Driver/Src/stm32g4xx_hal_rcc_ex.o
                0x00000000080018c0                HAL_RCCEx_PeriphCLKConfig
 .text.__libc_init_array
                0x0000000008001d58       0x48 /Applications/STM32CubeIDE.app/Contents/Eclipse/plugins/com.st.stm32cube.ide.mcu.externaltools.gnu-tools-for-stm32.9-2020-q2-update.macos64_2.0.0.202105311346/tools/bin/../lib/gcc/arm-none-eabi/9.3.1/../../../../arm-none-eabi/lib/thumb/v7e-m+fp/hard/libc_nano.a(lib_a-init.o)
                0x0000000008001d58                __libc_init_array
 .text.memset   0x0000000008001da0       0x10 /Applications/STM32CubeIDE.app/Contents/Eclipse/plugins/com.st.stm32cube.ide.mcu.externaltools.gnu-tools-for-stm32.9-2020-q2-update.macos64_2.0.0.202105311346/tools/bin/../lib/gcc/arm-none-eabi/9.3.1/../../../../arm-none-eabi/lib/thumb/v7e-m+fp/hard/libc_nano.a(lib_a-memset.o)
                0x0000000008001da0                memset
 *(.glue_7)
 .glue_7        0x0000000008001db0        0x0 linker stubs
 *(.glue_7t)
 .glue_7t       0x0000000008001db0        0x0 linker stubs
 *(.eh_frame)
 .eh_frame      0x0000000008001db0        0x0 /Applications/STM32CubeIDE.app/Contents/Eclipse/plugins/com.st.stm32cube.ide.mcu.externaltools.gnu-tools-for-stm32.9-2020-q2-update.macos64_2.0.0.202105311346/tools/bin/../lib/gcc/arm-none-eabi/9.3.1/thumb/v7e-m+fp/hard/crtbegin.o
 *(.init)
 .init          0x0000000008001db0        0x4 /Applications/STM32CubeIDE.app/Contents/Eclipse/plugins/com.st.stm32cube.ide.mcu.externaltools.gnu-tools-for-stm32.9-2020-q2-update.macos64_2.0.0.202105311346/tools/bin/../lib/gcc/arm-none-eabi/9.3.1/thumb/v7e-m+fp/hard/crti.o
                0x0000000008001db0                _init
 .init          0x0000000008001db4        0x8 /Applications/STM32CubeIDE.app/Contents/Eclipse/plugins/com.st.stm32cube.ide.mcu.externaltools.gnu-tools-for-stm32.9-2020-q2-update.macos64_2.0.0.202105311346/tools/bin/../lib/gcc/arm-none-eabi/9.3.1/thumb/v7e-m+fp/hard/crtn.o
 *(.fini)
 .fini          0x0000000008001dbc        0x4 /Applications/STM32CubeIDE.app/Contents/Eclipse/plugins/com.st.stm32cube.ide.mcu.externaltools.gnu-tools-for-stm32.9-2020-q2-update.macos64_2.0.0.202105311346/tools/bin/../lib/gcc/arm-none-eabi/9.3.1/thumb/v7e-m+fp/hard/crti.o
                0x0000000008001dbc                _fini
 .fini          0x0000000008001dc0        0x8 /Applications/STM32CubeIDE.app/Contents/Eclipse/plugins/com.st.stm32cube.ide.mcu.externaltools.gnu-tools-for-stm32.9-2020-q2-update.macos64_2.0.0.202105311346/tools/bin/../lib/gcc/arm-none-eabi/9.3.1/thumb/v7e-m+fp/hard/crtn.o
                0x0000000008001dc8                . = ALIGN (0x4)
                0x0000000008001dc8                _etext = .

.vfp11_veneer   0x0000000008001dc8        0x0
 .vfp11_veneer  0x0000000008001dc8        0x0 linker stubs

.v4_bx          0x0000000008001dc8        0x0
 .v4_bx         0x0000000008001dc8        0x0 linker stubs

.iplt           0x0000000008001dc8        0x0
 .iplt          0x0000000008001dc8        0x0 /Applications/STM32CubeIDE.app/Contents/Eclipse/plugins/com.st.stm32cube.ide.mcu.externaltools.gnu-tools-for-stm32.9-2020-q2-update.macos64_2.0.0.202105311346/tools/bin/../lib/gcc/arm-none-eabi/9.3.1/thumb/v7e-m+fp/hard/crtbegin.o

.rodata         0x0000000008001dc8       0x10
                0x0000000008001dc8                . = ALIGN (0x4)
 *(.rodata)
 *(.rodata*)
 .rodata.AHBPrescTable
                0x0000000008001dc8       0x10 ./Core/Src/system_stm32g4xx.o
                0x0000000008001dc8                AHBPrescTable
                0x0000000008001dd8                . = ALIGN (0x4)

.rel.dyn        0x0000000008001dd8        0x0
 .rel.iplt      0x0000000008001dd8        0x0 /Applications/STM32CubeIDE.app/Contents/Eclipse/plugins/com.st.stm32cube.ide.mcu.externaltools.gnu-tools-for-stm32.9-2020-q2-update.macos64_2.0.0.202105311346/tools/bin/../lib/gcc/arm-none-eabi/9.3.1/thumb/v7e-m+fp/hard/crtbegin.o

.ARM.extab      0x0000000008001dd8        0x0
                0x0000000008001dd8                . = ALIGN (0x4)
 *(.ARM.extab* .gnu.linkonce.armextab.*)
                0x0000000008001dd8                . = ALIGN (0x4)

.ARM            0x0000000008001dd8        0x0
                0x0000000008001dd8                . = ALIGN (0x4)
                0x0000000008001dd8                __exidx_start = .
 *(.ARM.exidx*)
                0x0000000008001dd8                __exidx_end = .
                0x0000000008001dd8                . = ALIGN (0x4)

.preinit_array  0x0000000008001dd8        0x0
                0x0000000008001dd8                . = ALIGN (0x4)
                0x0000000008001dd8                PROVIDE (__preinit_array_start = .)
 *(.preinit_array*)
                0x0000000008001dd8                PROVIDE (__preinit_array_end = .)
                0x0000000008001dd8                . = ALIGN (0x4)

.init_array     0x0000000008001dd8        0x4
                0x0000000008001dd8                . = ALIGN (0x4)
                0x0000000008001dd8                PROVIDE (__init_array_start = .)
 *(SORT_BY_NAME(.init_array.*))
 *(.init_array*)
 .init_array    0x0000000008001dd8        0x4 /Applications/STM32CubeIDE.app/Contents/Eclipse/plugins/com.st.stm32cube.ide.mcu.externaltools.gnu-tools-for-stm32.9-2020-q2-update.macos64_2.0.0.202105311346/tools/bin/../lib/gcc/arm-none-eabi/9.3.1/thumb/v7e-m+fp/hard/crtbegin.o
                0x0000000008001ddc                PROVIDE (__init_array_end = .)
                0x0000000008001ddc                . = ALIGN (0x4)

.fini_array     0x0000000008001ddc        0x4
                0x0000000008001ddc                . = ALIGN (0x4)
                [!provide]                        PROVIDE (__fini_array_start = .)
 *(SORT_BY_NAME(.fini_array.*))
 *(.fini_array*)
 .fini_array    0x0000000008001ddc        0x4 /Applications/STM32CubeIDE.app/Contents/Eclipse/plugins/com.st.stm32cube.ide.mcu.externaltools.gnu-tools-for-stm32.9-2020-q2-update.macos64_2.0.0.202105311346/tools/bin/../lib/gcc/arm-none-eabi/9.3.1/thumb/v7e-m+fp/hard/crtbegin.o
                [!provide]                        PROVIDE (__fini_array_end = .)
                0x0000000008001de0                . = ALIGN (0x4)
                0x0000000008001de0                _sidata = LOADADDR (.data)

.data           0x0000000020000000        0xc load address 0x0000000008001de0
                0x0000000020000000                . = ALIGN (0x4)
                0x0000000020000000                _sdata = .
 *(.data)
 *(.data*)
 .data.SystemCoreClock
                0x0000000020000000        0x4 ./Core/Src/system_stm32g4xx.o
                0x0000000020000000                SystemCoreClock
 .data.uwTickPrio
                0x0000000020000004        0x4 ./Drivers/STM32G4xx_HAL_Driver/Src/stm32g4xx_hal.o
                0x0000000020000004                uwTickPrio
 .data.uwTickFreq
                0x0000000020000008        0x4 ./Drivers/STM32G4xx_HAL_Driver/Src/stm32g4xx_hal.o
                0x0000000020000008                uwTickFreq
 *(.RamFunc)
 *(.RamFunc*)
                0x000000002000000c                . = ALIGN (0x4)
                0x000000002000000c                _edata = .

.igot.plt       0x000000002000000c        0x0 load address 0x0000000008001dec
 .igot.plt      0x000000002000000c        0x0 /Applications/STM32CubeIDE.app/Contents/Eclipse/plugins/com.st.stm32cube.ide.mcu.externaltools.gnu-tools-for-stm32.9-2020-q2-update.macos64_2.0.0.202105311346/tools/bin/../lib/gcc/arm-none-eabi/9.3.1/thumb/v7e-m+fp/hard/crtbegin.o
                0x000000002000000c                . = ALIGN (0x4)

.bss            0x000000002000000c       0x6c load address 0x0000000008001dec
                0x000000002000000c                _sbss = .
                0x000000002000000c                __bss_start__ = _sbss
 *(.bss)
 .bss           0x000000002000000c       0x1c /Applications/STM32CubeIDE.app/Contents/Eclipse/plugins/com.st.stm32cube.ide.mcu.externaltools.gnu-tools-for-stm32.9-2020-q2-update.macos64_2.0.0.202105311346/tools/bin/../lib/gcc/arm-none-eabi/9.3.1/thumb/v7e-m+fp/hard/crtbegin.o
 *(.bss*)
 .bss.hi2c2     0x0000000020000028       0x4c ./Core/Src/main.o
                0x0000000020000028                hi2c2
 *(COMMON)
 COMMON         0x0000000020000074        0x4 ./Drivers/STM32G4xx_HAL_Driver/Src/stm32g4xx_hal.o
                0x0000000020000074                uwTick
                0x0000000020000078                . = ALIGN (0x4)
                0x0000000020000078                _ebss = .
                0x0000000020000078                __bss_end__ = _ebss

._user_heap_stack
                0x0000000020000078      0x600 load address 0x0000000008001dec
                0x0000000020000078                . = ALIGN (0x8)
                [!provide]                        PROVIDE (end = .)
                0x0000000020000078                PROVIDE (_end = .)
                0x0000000020000278                . = (. + _Min_Heap_Size)
 *fill*         0x0000000020000078      0x200 
                0x0000000020000678                . = (. + _Min_Stack_Size)
 *fill*         0x0000000020000278      0x400 
                0x0000000020000678                . = ALIGN (0x8)

/DISCARD/
 libc.a(*)
 libm.a(*)
 libgcc.a(*)

.ARM.attributes
                0x0000000000000000       0x30
 *(.ARM.attributes)
 .ARM.attributes
                0x0000000000000000       0x1e /Applications/STM32CubeIDE.app/Contents/Eclipse/plugins/com.st.stm32cube.ide.mcu.externaltools.gnu-tools-for-stm32.9-2020-q2-update.macos64_2.0.0.202105311346/tools/bin/../lib/gcc/arm-none-eabi/9.3.1/thumb/v7e-m+fp/hard/crti.o
 .ARM.attributes
                0x000000000000001e       0x34 /Applications/STM32CubeIDE.app/Contents/Eclipse/plugins/com.st.stm32cube.ide.mcu.externaltools.gnu-tools-for-stm32.9-2020-q2-update.macos64_2.0.0.202105311346/tools/bin/../lib/gcc/arm-none-eabi/9.3.1/thumb/v7e-m+fp/hard/crtbegin.o
 .ARM.attributes
                0x0000000000000052       0x34 ./Core/Src/main.o
 .ARM.attributes
                0x0000000000000086       0x34 ./Core/Src/stm32g4xx_hal_msp.o
 .ARM.attributes
                0x00000000000000ba       0x34 ./Core/Src/stm32g4xx_it.o
 .ARM.attributes
                0x00000000000000ee       0x34 ./Core/Src/system_stm32g4xx.o
 .ARM.attributes
                0x0000000000000122       0x21 ./Core/Startup/startup_stm32g484qetx.o
 .ARM.attributes
                0x0000000000000143       0x34 ./Drivers/STM32G4xx_HAL_Driver/Src/stm32g4xx_hal.o
 .ARM.attributes
                0x0000000000000177       0x34 ./Drivers/STM32G4xx_HAL_Driver/Src/stm32g4xx_hal_cortex.o
 .ARM.attributes
                0x00000000000001ab       0x34 ./Drivers/STM32G4xx_HAL_Driver/Src/stm32g4xx_hal_gpio.o
 .ARM.attributes
                0x00000000000001df       0x34 ./Drivers/STM32G4xx_HAL_Driver/Src/stm32g4xx_hal_i2c.o
 .ARM.attributes
                0x0000000000000213       0x34 ./Drivers/STM32G4xx_HAL_Driver/Src/stm32g4xx_hal_i2c_ex.o
 .ARM.attributes
                0x0000000000000247       0x34 ./Drivers/STM32G4xx_HAL_Driver/Src/stm32g4xx_hal_pwr_ex.o
 .ARM.attributes
                0x000000000000027b       0x34 ./Drivers/STM32G4xx_HAL_Driver/Src/stm32g4xx_hal_rcc.o
 .ARM.attributes
                0x00000000000002af       0x34 ./Drivers/STM32G4xx_HAL_Driver/Src/stm32g4xx_hal_rcc_ex.o
 .ARM.attributes
                0x00000000000002e3       0x34 /Applications/STM32CubeIDE.app/Contents/Eclipse/plugins/com.st.stm32cube.ide.mcu.externaltools.gnu-tools-for-stm32.9-2020-q2-update.macos64_2.0.0.202105311346/tools/bin/../lib/gcc/arm-none-eabi/9.3.1/../../../../arm-none-eabi/lib/thumb/v7e-m+fp/hard/libc_nano.a(lib_a-init.o)
 .ARM.attributes
                0x0000000000000317       0x34 /Applications/STM32CubeIDE.app/Contents/Eclipse/plugins/com.st.stm32cube.ide.mcu.externaltools.gnu-tools-for-stm32.9-2020-q2-update.macos64_2.0.0.202105311346/tools/bin/../lib/gcc/arm-none-eabi/9.3.1/../../../../arm-none-eabi/lib/thumb/v7e-m+fp/hard/libc_nano.a(lib_a-memset.o)
 .ARM.attributes
                0x000000000000034b       0x1e /Applications/STM32CubeIDE.app/Contents/Eclipse/plugins/com.st.stm32cube.ide.mcu.externaltools.gnu-tools-for-stm32.9-2020-q2-update.macos64_2.0.0.202105311346/tools/bin/../lib/gcc/arm-none-eabi/9.3.1/thumb/v7e-m+fp/hard/crtn.o
OUTPUT(Baseboard.elf elf32-littlearm)
LOAD linker stubs
LOAD /Applications/STM32CubeIDE.app/Contents/Eclipse/plugins/com.st.stm32cube.ide.mcu.externaltools.gnu-tools-for-stm32.9-2020-q2-update.macos64_2.0.0.202105311346/tools/bin/../lib/gcc/arm-none-eabi/9.3.1/../../../../arm-none-eabi/lib/thumb/v7e-m+fp/hard/libc.a
LOAD /Applications/STM32CubeIDE.app/Contents/Eclipse/plugins/com.st.stm32cube.ide.mcu.externaltools.gnu-tools-for-stm32.9-2020-q2-update.macos64_2.0.0.202105311346/tools/bin/../lib/gcc/arm-none-eabi/9.3.1/../../../../arm-none-eabi/lib/thumb/v7e-m+fp/hard/libm.a
LOAD /Applications/STM32CubeIDE.app/Contents/Eclipse/plugins/com.st.stm32cube.ide.mcu.externaltools.gnu-tools-for-stm32.9-2020-q2-update.macos64_2.0.0.202105311346/tools/bin/../lib/gcc/arm-none-eabi/9.3.1/thumb/v7e-m+fp/hard/libgcc.a

.debug_info     0x0000000000000000     0xa680
 .debug_info    0x0000000000000000      0xf4b ./Core/Src/main.o
 .debug_info    0x0000000000000f4b      0xd0c ./Core/Src/stm32g4xx_hal_msp.o
 .debug_info    0x0000000000001c57      0x31a ./Core/Src/stm32g4xx_it.o
 .debug_info    0x0000000000001f71      0x718 ./Core/Src/system_stm32g4xx.o
 .debug_info    0x0000000000002689       0x22 ./Core/Startup/startup_stm32g484qetx.o
 .debug_info    0x00000000000026ab      0xd03 ./Drivers/STM32G4xx_HAL_Driver/Src/stm32g4xx_hal.o
 .debug_info    0x00000000000033ae     0x1038 ./Drivers/STM32G4xx_HAL_Driver/Src/stm32g4xx_hal_cortex.o
 .debug_info    0x00000000000043e6      0xa13 ./Drivers/STM32G4xx_HAL_Driver/Src/stm32g4xx_hal_gpio.o
 .debug_info    0x0000000000004df9     0x23be ./Drivers/STM32G4xx_HAL_Driver/Src/stm32g4xx_hal_i2c.o
 .debug_info    0x00000000000071b7      0xd06 ./Drivers/STM32G4xx_HAL_Driver/Src/stm32g4xx_hal_i2c_ex.o
 .debug_info    0x0000000000007ebd      0xb3a ./Drivers/STM32G4xx_HAL_Driver/Src/stm32g4xx_hal_pwr_ex.o
 .debug_info    0x00000000000089f7      0xddd ./Drivers/STM32G4xx_HAL_Driver/Src/stm32g4xx_hal_rcc.o
 .debug_info    0x00000000000097d4      0xeac ./Drivers/STM32G4xx_HAL_Driver/Src/stm32g4xx_hal_rcc_ex.o

.debug_abbrev   0x0000000000000000     0x188b
 .debug_abbrev  0x0000000000000000      0x228 ./Core/Src/main.o
 .debug_abbrev  0x0000000000000228      0x1b7 ./Core/Src/stm32g4xx_hal_msp.o
 .debug_abbrev  0x00000000000003df       0xf2 ./Core/Src/stm32g4xx_it.o
 .debug_abbrev  0x00000000000004d1      0x165 ./Core/Src/system_stm32g4xx.o
 .debug_abbrev  0x0000000000000636       0x12 ./Core/Startup/startup_stm32g484qetx.o
 .debug_abbrev  0x0000000000000648      0x227 ./Drivers/STM32G4xx_HAL_Driver/Src/stm32g4xx_hal.o
 .debug_abbrev  0x000000000000086f      0x333 ./Drivers/STM32G4xx_HAL_Driver/Src/stm32g4xx_hal_cortex.o
 .debug_abbrev  0x0000000000000ba2      0x1e8 ./Drivers/STM32G4xx_HAL_Driver/Src/stm32g4xx_hal_gpio.o
 .debug_abbrev  0x0000000000000d8a      0x256 ./Drivers/STM32G4xx_HAL_Driver/Src/stm32g4xx_hal_i2c.o
 .debug_abbrev  0x0000000000000fe0      0x1dd ./Drivers/STM32G4xx_HAL_Driver/Src/stm32g4xx_hal_i2c_ex.o
 .debug_abbrev  0x00000000000011bd      0x229 ./Drivers/STM32G4xx_HAL_Driver/Src/stm32g4xx_hal_pwr_ex.o
 .debug_abbrev  0x00000000000013e6      0x275 ./Drivers/STM32G4xx_HAL_Driver/Src/stm32g4xx_hal_rcc.o
 .debug_abbrev  0x000000000000165b      0x230 ./Drivers/STM32G4xx_HAL_Driver/Src/stm32g4xx_hal_rcc_ex.o

.debug_aranges  0x0000000000000000      0x920
 .debug_aranges
                0x0000000000000000       0x40 ./Core/Src/main.o
 .debug_aranges
                0x0000000000000040       0x30 ./Core/Src/stm32g4xx_hal_msp.o
 .debug_aranges
                0x0000000000000070       0x60 ./Core/Src/stm32g4xx_it.o
 .debug_aranges
                0x00000000000000d0       0x28 ./Core/Src/system_stm32g4xx.o
 .debug_aranges
                0x00000000000000f8       0x28 ./Core/Startup/startup_stm32g484qetx.o
 .debug_aranges
                0x0000000000000120      0x130 ./Drivers/STM32G4xx_HAL_Driver/Src/stm32g4xx_hal.o
 .debug_aranges
                0x0000000000000250      0x118 ./Drivers/STM32G4xx_HAL_Driver/Src/stm32g4xx_hal_cortex.o
 .debug_aranges
                0x0000000000000368       0x58 ./Drivers/STM32G4xx_HAL_Driver/Src/stm32g4xx_hal_gpio.o
 .debug_aranges
                0x00000000000003c0      0x290 ./Drivers/STM32G4xx_HAL_Driver/Src/stm32g4xx_hal_i2c.o
 .debug_aranges
                0x0000000000000650       0x48 ./Drivers/STM32G4xx_HAL_Driver/Src/stm32g4xx_hal_i2c_ex.o
 .debug_aranges
                0x0000000000000698      0x140 ./Drivers/STM32G4xx_HAL_Driver/Src/stm32g4xx_hal_pwr_ex.o
 .debug_aranges
                0x00000000000007d8       0x98 ./Drivers/STM32G4xx_HAL_Driver/Src/stm32g4xx_hal_rcc.o
 .debug_aranges
                0x0000000000000870       0xb0 ./Drivers/STM32G4xx_HAL_Driver/Src/stm32g4xx_hal_rcc_ex.o

.debug_ranges   0x0000000000000000      0x858
 .debug_ranges  0x0000000000000000       0x30 ./Core/Src/main.o
 .debug_ranges  0x0000000000000030       0x20 ./Core/Src/stm32g4xx_hal_msp.o
 .debug_ranges  0x0000000000000050       0x50 ./Core/Src/stm32g4xx_it.o
 .debug_ranges  0x00000000000000a0       0x18 ./Core/Src/system_stm32g4xx.o
 .debug_ranges  0x00000000000000b8       0x20 ./Core/Startup/startup_stm32g484qetx.o
 .debug_ranges  0x00000000000000d8      0x120 ./Drivers/STM32G4xx_HAL_Driver/Src/stm32g4xx_hal.o
 .debug_ranges  0x00000000000001f8      0x108 ./Drivers/STM32G4xx_HAL_Driver/Src/stm32g4xx_hal_cortex.o
 .debug_ranges  0x0000000000000300       0x48 ./Drivers/STM32G4xx_HAL_Driver/Src/stm32g4xx_hal_gpio.o
 .debug_ranges  0x0000000000000348      0x280 ./Drivers/STM32G4xx_HAL_Driver/Src/stm32g4xx_hal_i2c.o
 .debug_ranges  0x00000000000005c8       0x38 ./Drivers/STM32G4xx_HAL_Driver/Src/stm32g4xx_hal_i2c_ex.o
 .debug_ranges  0x0000000000000600      0x130 ./Drivers/STM32G4xx_HAL_Driver/Src/stm32g4xx_hal_pwr_ex.o
 .debug_ranges  0x0000000000000730       0x88 ./Drivers/STM32G4xx_HAL_Driver/Src/stm32g4xx_hal_rcc.o
 .debug_ranges  0x00000000000007b8       0xa0 ./Drivers/STM32G4xx_HAL_Driver/Src/stm32g4xx_hal_rcc_ex.o

.debug_macro    0x0000000000000000    0x25647
 .debug_macro   0x0000000000000000      0x1ce ./Core/Src/main.o
 .debug_macro   0x00000000000001ce      0xb80 ./Core/Src/main.o
 .debug_macro   0x0000000000000d4e      0x155 ./Core/Src/main.o
 .debug_macro   0x0000000000000ea3       0x2e ./Core/Src/main.o
 .debug_macro   0x0000000000000ed1       0x28 ./Core/Src/main.o
 .debug_macro   0x0000000000000ef9       0x1c ./Core/Src/main.o
 .debug_macro   0x0000000000000f15       0x22 ./Core/Src/main.o
 .debug_macro   0x0000000000000f37       0x8e ./Core/Src/main.o
 .debug_macro   0x0000000000000fc5       0x51 ./Core/Src/main.o
 .debug_macro   0x0000000000001016      0x103 ./Core/Src/main.o
 .debug_macro   0x0000000000001119       0x6a ./Core/Src/main.o
 .debug_macro   0x0000000000001183      0x1df ./Core/Src/main.o
 .debug_macro   0x0000000000001362       0x1c ./Core/Src/main.o
 .debug_macro   0x000000000000137e       0x22 ./Core/Src/main.o
 .debug_macro   0x00000000000013a0      0x101 ./Core/Src/main.o
 .debug_macro   0x00000000000014a1     0x1011 ./Core/Src/main.o
 .debug_macro   0x00000000000024b2      0x11f ./Core/Src/main.o
 .debug_macro   0x00000000000025d1    0x18a16 ./Core/Src/main.o
 .debug_macro   0x000000000001afe7       0x43 ./Core/Src/main.o
 .debug_macro   0x000000000001b02a     0x34f4 ./Core/Src/main.o
 .debug_macro   0x000000000001e51e      0x17b ./Core/Src/main.o
 .debug_macro   0x000000000001e699       0x5c ./Core/Src/main.o
 .debug_macro   0x000000000001e6f5     0x1726 ./Core/Src/main.o
 .debug_macro   0x000000000001fe1b      0x600 ./Core/Src/main.o
 .debug_macro   0x000000000002041b      0x137 ./Core/Src/main.o
 .debug_macro   0x0000000000020552      0x34b ./Core/Src/main.o
 .debug_macro   0x000000000002089d      0x53c ./Core/Src/main.o
 .debug_macro   0x0000000000020dd9      0x18b ./Core/Src/main.o
 .debug_macro   0x0000000000020f64       0x43 ./Core/Src/main.o
 .debug_macro   0x0000000000020fa7      0x23d ./Core/Src/main.o
 .debug_macro   0x00000000000211e4      0x212 ./Core/Src/main.o
 .debug_macro   0x00000000000213f6      0x45c ./Core/Src/main.o
 .debug_macro   0x0000000000021852      0x11c ./Core/Src/main.o
 .debug_macro   0x000000000002196e      0x22c ./Core/Src/main.o
 .debug_macro   0x0000000000021b9a       0x61 ./Core/Src/main.o
 .debug_macro   0x0000000000021bfb       0xa5 ./Core/Src/main.o
 .debug_macro   0x0000000000021ca0      0x122 ./Core/Src/main.o
 .debug_macro   0x0000000000021dc2      0x3d1 ./Core/Src/main.o
 .debug_macro   0x0000000000022193      0x359 ./Core/Src/main.o
 .debug_macro   0x00000000000224ec      0x1c9 ./Core/Src/stm32g4xx_hal_msp.o
 .debug_macro   0x00000000000226b5      0xaa8 ./Core/Src/stm32g4xx_hal_msp.o
 .debug_macro   0x000000000002315d     0x1011 ./Core/Src/stm32g4xx_hal_msp.o
 .debug_macro   0x000000000002416e      0x174 ./Core/Src/stm32g4xx_hal_msp.o
 .debug_macro   0x00000000000242e2      0x1d3 ./Core/Src/stm32g4xx_it.o
 .debug_macro   0x00000000000244b5      0x1bf ./Core/Src/system_stm32g4xx.o
 .debug_macro   0x0000000000024674      0x20d ./Drivers/STM32G4xx_HAL_Driver/Src/stm32g4xx_hal.o
 .debug_macro   0x0000000000024881      0x1bf ./Drivers/STM32G4xx_HAL_Driver/Src/stm32g4xx_hal_cortex.o
 .debug_macro   0x0000000000024a40      0x1f7 ./Drivers/STM32G4xx_HAL_Driver/Src/stm32g4xx_hal_gpio.o
 .debug_macro   0x0000000000024c37      0x284 ./Drivers/STM32G4xx_HAL_Driver/Src/stm32g4xx_hal_i2c.o
 .debug_macro   0x0000000000024ebb      0x1bf ./Drivers/STM32G4xx_HAL_Driver/Src/stm32g4xx_hal_i2c_ex.o
 .debug_macro   0x000000000002507a      0x1e9 ./Drivers/STM32G4xx_HAL_Driver/Src/stm32g4xx_hal_pwr_ex.o
 .debug_macro   0x0000000000025263      0x1fb ./Drivers/STM32G4xx_HAL_Driver/Src/stm32g4xx_hal_rcc.o
 .debug_macro   0x000000000002545e      0x1e9 ./Drivers/STM32G4xx_HAL_Driver/Src/stm32g4xx_hal_rcc_ex.o

.debug_line     0x0000000000000000     0xa950
 .debug_line    0x0000000000000000      0x7cd ./Core/Src/main.o
 .debug_line    0x00000000000007cd      0x72e ./Core/Src/stm32g4xx_hal_msp.o
 .debug_line    0x0000000000000efb      0x7a1 ./Core/Src/stm32g4xx_it.o
 .debug_line    0x000000000000169c      0x748 ./Core/Src/system_stm32g4xx.o
 .debug_line    0x0000000000001de4       0x89 ./Core/Startup/startup_stm32g484qetx.o
 .debug_line    0x0000000000001e6d      0xabf ./Drivers/STM32G4xx_HAL_Driver/Src/stm32g4xx_hal.o
 .debug_line    0x000000000000292c      0xc72 ./Drivers/STM32G4xx_HAL_Driver/Src/stm32g4xx_hal_cortex.o
 .debug_line    0x000000000000359e      0xb0c ./Drivers/STM32G4xx_HAL_Driver/Src/stm32g4xx_hal_gpio.o
 .debug_line    0x00000000000040aa     0x329f ./Drivers/STM32G4xx_HAL_Driver/Src/stm32g4xx_hal_i2c.o
 .debug_line    0x0000000000007349      0x8fc ./Drivers/STM32G4xx_HAL_Driver/Src/stm32g4xx_hal_i2c_ex.o
 .debug_line    0x0000000000007c45      0xc6a ./Drivers/STM32G4xx_HAL_Driver/Src/stm32g4xx_hal_pwr_ex.o
 .debug_line    0x00000000000088af      0xebf ./Drivers/STM32G4xx_HAL_Driver/Src/stm32g4xx_hal_rcc.o
 .debug_line    0x000000000000976e     0x11e2 ./Drivers/STM32G4xx_HAL_Driver/Src/stm32g4xx_hal_rcc_ex.o

.debug_str      0x0000000000000000    0xe0ff4
 .debug_str     0x0000000000000000    0xddfdf ./Core/Src/main.o
                                      0xde509 (size before relaxing)
 .debug_str     0x00000000000ddfdf      0x272 ./Core/Src/stm32g4xx_hal_msp.o
                                      0xddb94 (size before relaxing)
 .debug_str     0x00000000000de251       0xbd ./Core/Src/stm32g4xx_it.o
                                      0xdd4b3 (size before relaxing)
 .debug_str     0x00000000000de30e       0xaf ./Core/Src/system_stm32g4xx.o
                                      0xdd5ed (size before relaxing)
 .debug_str     0x00000000000de3bd       0x36 ./Core/Startup/startup_stm32g484qetx.o
                                         0x6a (size before relaxing)
 .debug_str     0x00000000000de3f3      0xbba ./Drivers/STM32G4xx_HAL_Driver/Src/stm32g4xx_hal.o
                                      0xde29e (size before relaxing)
 .debug_str     0x00000000000defad      0x389 ./Drivers/STM32G4xx_HAL_Driver/Src/stm32g4xx_hal_cortex.o
                                      0xddfa6 (size before relaxing)
 .debug_str     0x00000000000df336      0x23d ./Drivers/STM32G4xx_HAL_Driver/Src/stm32g4xx_hal_gpio.o
                                      0xdd871 (size before relaxing)
 .debug_str     0x00000000000df573      0xd3e ./Drivers/STM32G4xx_HAL_Driver/Src/stm32g4xx_hal_i2c.o
                                      0xde814 (size before relaxing)
 .debug_str     0x00000000000e02b1       0xb8 ./Drivers/STM32G4xx_HAL_Driver/Src/stm32g4xx_hal_i2c_ex.o
                                      0xddc15 (size before relaxing)
 .debug_str     0x00000000000e0369      0x4d2 ./Drivers/STM32G4xx_HAL_Driver/Src/stm32g4xx_hal_pwr_ex.o
                                      0xddae3 (size before relaxing)
 .debug_str     0x00000000000e083b      0x3c6 ./Drivers/STM32G4xx_HAL_Driver/Src/stm32g4xx_hal_rcc.o
                                      0xddba3 (size before relaxing)
 .debug_str     0x00000000000e0c01      0x3f3 ./Drivers/STM32G4xx_HAL_Driver/Src/stm32g4xx_hal_rcc_ex.o
                                      0xddce5 (size before relaxing)

.comment        0x0000000000000000       0x53
 .comment       0x0000000000000000       0x53 ./Core/Src/main.o
                                         0x54 (size before relaxing)
 .comment       0x0000000000000053       0x54 ./Core/Src/stm32g4xx_hal_msp.o
 .comment       0x0000000000000053       0x54 ./Core/Src/stm32g4xx_it.o
 .comment       0x0000000000000053       0x54 ./Core/Src/system_stm32g4xx.o
 .comment       0x0000000000000053       0x54 ./Drivers/STM32G4xx_HAL_Driver/Src/stm32g4xx_hal.o
 .comment       0x0000000000000053       0x54 ./Drivers/STM32G4xx_HAL_Driver/Src/stm32g4xx_hal_cortex.o
 .comment       0x0000000000000053       0x54 ./Drivers/STM32G4xx_HAL_Driver/Src/stm32g4xx_hal_gpio.o
 .comment       0x0000000000000053       0x54 ./Drivers/STM32G4xx_HAL_Driver/Src/stm32g4xx_hal_i2c.o
 .comment       0x0000000000000053       0x54 ./Drivers/STM32G4xx_HAL_Driver/Src/stm32g4xx_hal_i2c_ex.o
 .comment       0x0000000000000053       0x54 ./Drivers/STM32G4xx_HAL_Driver/Src/stm32g4xx_hal_pwr_ex.o
 .comment       0x0000000000000053       0x54 ./Drivers/STM32G4xx_HAL_Driver/Src/stm32g4xx_hal_rcc.o
 .comment       0x0000000000000053       0x54 ./Drivers/STM32G4xx_HAL_Driver/Src/stm32g4xx_hal_rcc_ex.o

.debug_frame    0x0000000000000000     0x2424
 .debug_frame   0x0000000000000000       0xb0 ./Core/Src/main.o
 .debug_frame   0x00000000000000b0       0x7c ./Core/Src/stm32g4xx_hal_msp.o
 .debug_frame   0x000000000000012c      0x104 ./Core/Src/stm32g4xx_it.o
 .debug_frame   0x0000000000000230       0x58 ./Core/Src/system_stm32g4xx.o
 .debug_frame   0x0000000000000288      0x4a0 ./Drivers/STM32G4xx_HAL_Driver/Src/stm32g4xx_hal.o
 .debug_frame   0x0000000000000728      0x498 ./Drivers/STM32G4xx_HAL_Driver/Src/stm32g4xx_hal_cortex.o
 .debug_frame   0x0000000000000bc0      0x14c ./Drivers/STM32G4xx_HAL_Driver/Src/stm32g4xx_hal_gpio.o
 .debug_frame   0x0000000000000d0c      0xbe8 ./Drivers/STM32G4xx_HAL_Driver/Src/stm32g4xx_hal_i2c.o
 .debug_frame   0x00000000000018f4      0x100 ./Drivers/STM32G4xx_HAL_Driver/Src/stm32g4xx_hal_i2c_ex.o
 .debug_frame   0x00000000000019f4      0x4fc ./Drivers/STM32G4xx_HAL_Driver/Src/stm32g4xx_hal_pwr_ex.o
 .debug_frame   0x0000000000001ef0      0x23c ./Drivers/STM32G4xx_HAL_Driver/Src/stm32g4xx_hal_rcc.o
 .debug_frame   0x000000000000212c      0x2ac ./Drivers/STM32G4xx_HAL_Driver/Src/stm32g4xx_hal_rcc_ex.o
 .debug_frame   0x00000000000023d8       0x2c /Applications/STM32CubeIDE.app/Contents/Eclipse/plugins/com.st.stm32cube.ide.mcu.externaltools.gnu-tools-for-stm32.9-2020-q2-update.macos64_2.0.0.202105311346/tools/bin/../lib/gcc/arm-none-eabi/9.3.1/../../../../arm-none-eabi/lib/thumb/v7e-m+fp/hard/libc_nano.a(lib_a-init.o)
 .debug_frame   0x0000000000002404       0x20 /Applications/STM32CubeIDE.app/Contents/Eclipse/plugins/com.st.stm32cube.ide.mcu.externaltools.gnu-tools-for-stm32.9-2020-q2-update.macos64_2.0.0.202105311346/tools/bin/../lib/gcc/arm-none-eabi/9.3.1/../../../../arm-none-eabi/lib/thumb/v7e-m+fp/hard/libc_nano.a(lib_a-memset.o)
