gthr-default.h:229:1:int __gthread_key_delete(__gthread_key_t)	16	static
main.cpp:73:2:EMCdata::EMCdata(uint8_t, uint8_t, uint8_t, uint8_t, uint8_t)	16	static
main.cpp:108:10:void EMCdata::getIntTemp()	32	static
main.cpp:152:10:void EMCdata::getExtTemp()	40	static
main.cpp:219:7:void EMCdata::getProdID()	24	static
main.cpp:259:5:int main()	56	static
main.cpp:317:6:void SystemClock_Config()	168	static
main.cpp:360:13:void MX_I2C2_Init()	8	static
main.cpp:403:13:void MX_GPIO_Init()	16	static
main.cpp:418:6:void Error_Handler()	4	static,ignoring_inline_asm
main.cpp:425:1:void __static_initialization_and_destruction_0(int, int)	16	static
main.cpp:425:1:cpp)	8	static
main.cpp:425:1:cpp)	8	static
